// Jest Snapshot v1, https://goo.gl/fbAQLP

exports[`App render renders the App 1`] = `
<div
  className="app"
>
  <div
    className="lets"
  >
    <h1>
      Lets Do Some Magicians with Math Calc! 
    </h1>
  </div>
  <div
    className="calc"
  >
    <div
      className="display-result"
    >
      <input
        defaultValue={null}
        dir="rtl"
        id="result"
        placeholder="0"
      />
    </div>
    <div
      className="board"
    >
      <div
        className="board-row"
      >
        <button
          className="ac per"
          name="AC"
          onClick={[Function]}
          type="button"
        >
          AC
        </button>
        <button
          className="per"
          name="+/-"
          onClick={[Function]}
          type="button"
        >
          +/-
        </button>
        <button
          className="per"
          name="%"
          onClick={[Function]}
          type="button"
        >
          %
        </button>
        <button
          className="ornge per"
          name="รท"
          onClick={[Function]}
          type="button"
        >
          รท
        </button>
      </div>
      <div
        className="board-row"
      >
        <button
          className="ac"
          name="7"
          onClick={[Function]}
          type="button"
        >
          7
        </button>
        <button
          name="8"
          onClick={[Function]}
          type="button"
        >
          8
        </button>
        <button
          name="9"
          onClick={[Function]}
          type="button"
        >
          9
        </button>
        <button
          className="ornge"
          name="X"
          onClick={[Function]}
          type="button"
        >
          X
        </button>
      </div>
      <div
        className="board-row"
      >
        <button
          className="ac"
          name="4"
          onClick={[Function]}
          type="button"
        >
          4
        </button>
        <button
          name="5"
          onClick={[Function]}
          type="button"
        >
          5
        </button>
        <button
          name="6"
          onClick={[Function]}
          type="button"
        >
          6
        </button>
        <button
          className="ornge"
          name="-"
          onClick={[Function]}
          type="button"
        >
          -
        </button>
      </div>
      <div
        className="board-row"
      >
        <button
          className="ac"
          name="1"
          onClick={[Function]}
          type="button"
        >
          1
        </button>
        <button
          name="2"
          onClick={[Function]}
          type="button"
        >
          2
        </button>
        <button
          name="3"
          onClick={[Function]}
          type="button"
        >
          3
        </button>
        <button
          className="ornge"
          name="+"
          onClick={[Function]}
          type="button"
        >
          +
        </button>
      </div>
      <div
        className="board-row"
      >
        <button
          className="zeros ac"
          name="0"
          onClick={[Function]}
          type="button"
        >
          0
        </button>
        <button
          name="."
          onClick={[Function]}
          type="button"
        >
          .
        </button>
        <button
          className="ornge"
          name="="
          onClick={[Function]}
          type="button"
        >
          =
        </button>
      </div>
    </div>
  </div>
</div>
`;

exports[`App render should render calculator 1`] = `
<div
  className="app"
>
  <div
    className="lets"
  >
    <h1>
      Lets Do Some Magicians with Math Calc! 
    </h1>
  </div>
  <div
    className="calc"
  >
    <div
      className="display-result"
    >
      <input
        defaultValue={null}
        dir="rtl"
        id="result"
        placeholder="0"
      />
    </div>
    <div
      className="board"
    >
      <div
        className="board-row"
      >
        <button
          className="ac per"
          name="AC"
          onClick={[Function]}
          type="button"
        >
          AC
        </button>
        <button
          className="per"
          name="+/-"
          onClick={[Function]}
          type="button"
        >
          +/-
        </button>
        <button
          className="per"
          name="%"
          onClick={[Function]}
          type="button"
        >
          %
        </button>
        <button
          className="ornge per"
          name="รท"
          onClick={[Function]}
          type="button"
        >
          รท
        </button>
      </div>
      <div
        className="board-row"
      >
        <button
          className="ac"
          name="7"
          onClick={[Function]}
          type="button"
        >
          7
        </button>
        <button
          name="8"
          onClick={[Function]}
          type="button"
        >
          8
        </button>
        <button
          name="9"
          onClick={[Function]}
          type="button"
        >
          9
        </button>
        <button
          className="ornge"
          name="X"
          onClick={[Function]}
          type="button"
        >
          X
        </button>
      </div>
      <div
        className="board-row"
      >
        <button
          className="ac"
          name="4"
          onClick={[Function]}
          type="button"
        >
          4
        </button>
        <button
          name="5"
          onClick={[Function]}
          type="button"
        >
          5
        </button>
        <button
          name="6"
          onClick={[Function]}
          type="button"
        >
          6
        </button>
        <button
          className="ornge"
          name="-"
          onClick={[Function]}
          type="button"
        >
          -
        </button>
      </div>
      <div
        className="board-row"
      >
        <button
          className="ac"
          name="1"
          onClick={[Function]}
          type="button"
        >
          1
        </button>
        <button
          name="2"
          onClick={[Function]}
          type="button"
        >
          2
        </button>
        <button
          name="3"
          onClick={[Function]}
          type="button"
        >
          3
        </button>
        <button
          className="ornge"
          name="+"
          onClick={[Function]}
          type="button"
        >
          +
        </button>
      </div>
      <div
        className="board-row"
      >
        <button
          className="zeros ac"
          name="0"
          onClick={[Function]}
          type="button"
        >
          0
        </button>
        <button
          name="."
          onClick={[Function]}
          type="button"
        >
          .
        </button>
        <button
          className="ornge"
          name="="
          onClick={[Function]}
          type="button"
        >
          =
        </button>
      </div>
    </div>
  </div>
</div>
`;
